******************************************************************************
          TMS320C6x COFF Linker PC v5.1.0                      
******************************************************************************
>> Linked Thu Mar 07 23:38:05 2013

OUTPUT FILE NAME:   <./Debug/audio4.out>
ENTRY POINT SYMBOL: "_c_int00"  address: 00029fc0


MEMORY CONFIGURATION

                  name            origin    length      used    attr    fill
         ----------------------  --------  ---------  --------  ----  --------
         vecs                    00000000   00000200  00000200  RWIX
         IRAM                    00000200   0003fe00  0002aea8  RWIX
         CE0                     80000000   01000000  00000000  RWIX


SECTION ALLOCATION MAP

 output                                  attributes/
section   page    origin      length       input sections
--------  ----  ----------  ----------   ----------------
SDRAM      0    80000000    00000000     UNINITIALIZED

vectors    0    00000000    00000200     
                  00000000    00000200     vectors1rx.obj (vectors)

.data      0    00000200    00000000     UNINITIALIZED

.switch    0    00000200    00000000     UNINITIALIZED

.tables    0    00000200    00000000     UNINITIALIZED

.far       0    00000200    0001ea08     UNINITIALIZED
                  00000200    0001e004     codec.obj (.far)
                  0001e204    00000374     rts6700.lib : defs.obj (.far)
                  0001e578    00000190                 : _printfi.obj (.far)
                  0001e708    00000190                 : fcvt.obj (.far)
                  0001e898    0000011c                 : lowlev.obj (.far)
                  0001e9b4    000000d0                 : trgdrv.obj (.far)
                  0001ea84    0000008c                 : exit.obj (.far)
                  0001eb10    00000064                 : ecvt.obj (.far)
                  0001eb74    00000004                 : errno.obj (.far)
                  0001eb78    00000040                 : sin.obj (.far)
                  0001ebb8    00000040                 : cos.obj (.far)
                  0001ebf8    00000008                 : _lock.obj (.far)
                  0001ec00    00000008                 : memory.obj (.far)

.text      0    0001ec20    0000b5c0     
                  0001ec20    000013e0     codec.obj (.text)
                  00020000    00000a80     dsk_audio4.obj (.text)
                  00020a80    000005a0     rts6700.lib : _printfi.obj (.text:__setfield)
                  00021020    000004e0     dsp67x.lib : DSPF_sp_cfftr2_dit.obj (.text)
                  00021500    00000480     rts6700.lib : _printfi.obj (.text:__printfi)
                  00021980    00000480                 : _printfi.obj (.text:__getarg_diouxp)
                  00021e00    00000480                 : ecvt.obj (.text:_ecvt)
                  00022280    00000480                 : fcvt.obj (.text:_fcvt)
                  00022700    00000440                 : _printfi.obj (.text:__fcpy)
                  00022b40    00000400                 : cos.obj (.text:_cos)
                  00022f40    000003e0                 : _printfi.obj (.text:__pproc_fwp)
                  00023320    000003c0                 : fputs.obj (.text:_fputs)
                  000236e0    000003c0                 : _printfi.obj (.text:__pconv_e)
                  00023aa0    000003a0                 : sin.obj (.text:_sin)
                  00023e40    000003a0                 : memory.obj (.text:_free)
                  000241e0    00000380                 : _printfi.obj (.text:__pproc_str)
                  00024560    00000380                 : imath64.obj (.text:__divull)
                  000248e0    00000320                 : frcdivd.obj (.text:__frcdivd)
                  00024c00    00000300                 : _printfi.obj (.text:__pconv_g)
                  00024f00    00000300                 : _printfi.obj (.text:__pproc_diouxp)
                  00025200    00000280                 : sqrt.obj (.text:_sqrt)
                  00025480    00000280                 : divd.obj (.text:__divd)
                  00025700    00000260                 : imath40.obj (.text:__divul)
                  00025960    00000260     dsp67x.lib : DSPF_sp_bitrev_cplx.obj (.text)
                  00025bc0    00000260     rts6700.lib : setvbuf.obj (.text:_setvbuf)
                  00025e20    00000240                 : trgdrv.obj (.text:_HOSTrename)
                  00026060    00000240                 : memcpy62.obj (.text:_memcpy)
                  000262a0    00000220                 : memory.obj (.text:_malloc)
                  000264c0    00000200                 : _printfi.obj (.text:__mcpy)
                  000266c0    000001e0                 : _printfi.obj (.text:__ltostr)
                  000268a0    000001c0                 : lowlev.obj (.text:_getdevice)
                  00026a60    000001c0                 : ldexp.obj (.text:_ldexp)
                  00026c20    00000180                 : trgdrv.obj (.text:_HOSTlseek)
                  00026da0    00000180                 : divf.obj (.text:__divf)
                  00026f20    00000180                 : fputc.obj (.text:_fputc)
                  000270a0    00000180     dsk_audio4_hal_dsk6713.obj (.text)
                  00027220    00000160     rts6700.lib : trgdrv.obj (.text:_HOSTopen)
                  00027380    00000160                 : fclose.obj (.text:_fclose)
                  000274e0    00000160                 : lowlev.obj (.text:_lseek)
                  00027640    00000160                 : frexp.obj (.text:_frexp)
                  000277a0    00000160                 : lowlev.obj (.text:_write)
                  00027900    00000160                 : _printfi.obj (.text:__pproc_fflags)
                  00027a60    00000140                 : atoi.obj (.text:_atoi)
                  00027ba0    00000140                 : ltoa.obj (.text:_ltoa)
                  00027ce0    00000140                 : lowlev.obj (.text:_close)
                  00027e20    00000140                 : autoinit.obj (.text:__auto_init)
                  00027f60    00000140                 : memset.obj (.text:_memset)
                  000280a0    00000140                 : _printfi.obj (.text:__pconv_f)
                  000281e0    00000140                 : exit.obj (.text:_exit)
                  00028320    00000140                 : imath40.obj (.text:__divli)
                  00028460    00000120                 : divi.obj (.text:__divi)
                  00028580    00000120                 : _io_perm.obj (.text:__wrt_ok)
                  000286a0    00000120                 : trgdrv.obj (.text:_HOSTunlink)
                  000287c0    00000120                 : _printfi.obj (.text:__pproc_fge)
                  000288e0    00000120                 : _printfi.obj (.text:__div)
                  00028a00    00000120                 : fseek.obj (.text:_fseek)
                  00028b20    00000120                 : trgdrv.obj (.text:_HOSTread)
                  00028c40    00000120                 : trgdrv.obj (.text:_HOSTwrite)
                  00028d60    00000100                 : fopen.obj (.text:__cleanup)
                  00028e60    00000100                 : _printfi.obj (.text:__ecpy)
                  00028f60    00000100                 : trgdrv.obj (.text:_HOSTclose)
                  00029060    00000100                 : frcdivf.obj (.text:__frcdivf)
                  00029160    000000e0     talkthru.obj (.text)
                  00029240    000000e0     rts6700.lib : modf.obj (.text:_modf)
                  00029320    000000e0                 : memory.obj (.text:_minsert)
                  00029400    000000e0                 : round.obj (.text:__round)
                  000294e0    000000e0                 : memory.obj (.text:_mremove)
                  000295c0    000000e0                 : fflush.obj (.text:__doflush)
                  000296a0    000000c0                 : divu.obj (.text:__divu)
                  00029760    000000c0                 : fixfu.obj (.text:__fixfu)
                  00029820    000000c0                 : fixdli.obj (.text:__fixdli)
                  000298e0    000000c0                 : lowlev.obj (.text:_finddevice)
                  000299a0    000000c0                 : trgmsg.obj (.text:_readmsg)
                  00029a60    000000c0                 : trgmsg.obj (.text:_writemsg)
                  00029b20    000000a0                 : memccpy.obj (.text:_memccpy)
                  00029bc0    000000a0                 : lowlev.obj (.text:_unlink)
                  00029c60    000000a0                 : mpyll.obj (.text:__mpyll)
                  00029d00    000000a0                 : imath40.obj (.text:__remli)
                  00029da0    000000a0                 : printf.obj (.text:_printf)
                  00029e40    00000080                 : llshift.obj (.text:__llshl)
                  00029ec0    00000080                 : fputs.obj (.text:_puts)
                  00029f40    00000080                 : llshift.obj (.text:__llshru)
                  00029fc0    00000080                 : boot.obj (.text:_c_int00)
                  0002a040    00000060                 : imath64.obj (.text:__subcull)
                  0002a0a0    00000040                 : trunc.obj (.text:__trunc)
                  0002a0e0    00000040                 : args_main.obj (.text:__args_main)
                  0002a120    00000020                 : exit.obj (.text:_abort)
                  0002a140    00000020                 : printf.obj (.text:__outc)
                  0002a160    00000020                 : printf.obj (.text:__outs)
                  0002a180    00000020                 : _lock.obj (.text:__nop)
                  0002a1a0    00000020                 : negll.obj (.text:__negll)
                  0002a1c0    00000020                 : remove.obj (.text:_remove)

.cinit     0    0002a1e0    0000043c     
                  0002a1e0    00000244     rts6700.lib : defs.obj (.cinit)
                  0002a424    00000004     --HOLE-- [fill = 0]
                  0002a428    0000005c                 : lowlev.obj (.cinit)
                  0002a484    00000004     --HOLE-- [fill = 0]
                  0002a488    00000048                 : cos.obj (.cinit)
                  0002a4d0    00000048                 : sin.obj (.cinit)
                  0002a518    0000003c     talkthru.obj (.cinit)
                  0002a554    00000004     --HOLE-- [fill = 0]
                  0002a558    0000002c     rts6700.lib : exit.obj (.cinit)
                  0002a584    00000004     --HOLE-- [fill = 0]
                  0002a588    0000002c                 : memory.obj (.cinit)
                  0002a5b4    00000004     --HOLE-- [fill = 0]
                  0002a5b8    0000001c                 : _lock.obj (.cinit)
                  0002a5d4    00000004     --HOLE-- [fill = 0]
                  0002a5d8    0000001c     codec.obj (.cinit)
                  0002a5f4    00000004     --HOLE-- [fill = 0]
                  0002a5f8    0000000c     dsk_audio4_hal_dsk6713.obj (.cinit)
                  0002a604    00000004     --HOLE-- [fill = 0]
                  0002a608    0000000c     rts6700.lib : errno.obj (.cinit)
                  0002a614    00000008     --HOLE-- [fill = 0]

.stack     0    0002a620    00000400     UNINITIALIZED
                  0002a620    00000008     rts6700.lib : boot.obj (.stack)

.sysmem    0    0002aa20    00000400     UNINITIALIZED
                  0002aa20    00000008     rts6700.lib : memory.obj (.sysmem)

.const     0    0002ae20    0000014b     
                  0002ae20    00000101     rts6700.lib : ctype.obj (.const)
                  0002af21    0000002a                 : _printfi.obj (.const)
                  0002af4b    00000011     codec.obj (.const)
                  0002af5c    0000000d     talkthru.obj (.const)
                  0002af69    00000002     rts6700.lib : fputs.obj (.const)

.cio       0    0002af6c    00000120     UNINITIALIZED
                  0002af6c    00000120     rts6700.lib : trgmsg.obj (.cio)

.bss       0    0002b08c    00000039     UNINITIALIZED
                  0002b08c    0000001c     codec.obj (.bss)
                  0002b0a8    00000018     talkthru.obj (.bss)
                  0002b0c0    00000005     dsk_audio4_hal_dsk6713.obj (.bss)


GLOBAL SYMBOLS: SORTED ALPHABETICALLY BY Name 

address    name
--------   ----
0002b08c   $bss
0002b08c   .bss
00000200   .data
0001ec20   .text
0002a120   C$$EXIT
00029b0c   C$$IO$$
00025960   _DSPF_sp_bitrev_cplx
00021020   _DSPF_sp_cfftr2_dit
000205a4   _DskAudio4_GetDaughtercardInfo
000270a0   _DskAudio4_Init
000271d0   _DskAudio4_ReadClock
000271f4   _DskAudio4_ReadData
000270c8   _DskAudio4_ResetDaughtercard
00020570   _DskAudio4_ResetDaughtercardToDefaults
00020000   _DskAudio4_SelectInputSource
0002075c   _DskAudio4_SendDaughtercardCommand
000201c8   _DskAudio4_SetAdcAnalogGain
00027110   _DskAudio4_SetClock
000202a0   _DskAudio4_SetDacInputAttenuation
00027170   _DskAudio4_SetData
00020388   _DskAudio4_SetLineOutAnalogGain
000206fc   _DskAudio4_WriteCodecSetting
0001eed0   _FFT
00028f60   _HOSTclose
00026c20   _HOSTlseek
00027220   _HOSTopen
00028b20   _HOSTread
00025e20   _HOSTrename
000286a0   _HOSTunlink
00028c40   _HOSTwrite
0001fe78   _Init_McBSP
0001fc44   _McBSP1_Rx_ISR
0002b0ac   _Mic0L_bufindex
0002b0b0   _Mic0R_bufindex
0002b0b4   _Mic1L_bufindex
0002b0b8   _Mic1R_bufindex
0001ef48   _PHAT
00000200   _TxData
00002204   _W
0002af6c   __CIOBUF_
00000400   __STACK_SIZE
00000400   __SYSMEM_SIZE
ffffffff   ___binit__
0002b08c   ___bss__
ffffffff   ___c_args__
0002a1e0   ___cinit__
00000200   ___data__
00000200   ___edata__
0002b0c5   ___end__
0002a1e0   ___etext__
ffffffff   ___pinit__
0001ec20   ___text__
0002a0e0   __args_main
00027e20   __auto_init
00028d60   __cleanup
0001eb08   __cleanup_ptr
0002ae20   __ctypes_
00025480   __divd
00026da0   __divf
00028460   __divi
00028320   __divli
000296a0   __divu
00025700   __divul
00024560   __divull
000295c0   __doflush
0001eb0c   __dtors_ptr
00029820   __fixdli
00029760   __fixfu
000248e0   __frcdivd
00029060   __frcdivf
0001e574   __ft_end
0001e204   __ftable
00029e40   __llshl
00029f40   __llshru
0001ebf8   __lock
00029c60   __mpyll
0002a1a0   __negll
0002a180   __nop
00021500   __printfi
00029d00   __remli
00029400   __round
0002a620   __stack
0002a040   __subcull
0002aa20   __sys_memory
0001e434   __tmpnams
0002a0a0   __trunc
0001ebfc   __unlock
00028580   __wrt_ok
0002a120   _abort
00027a60   _atoi
0001ec20   _bitrev_index
00016204   _bottom
0002b0a4   _buff_index
00029fc0   _c_int00
00027ce0   _close
00022b40   _cos
0002b0bc   _counter
00021e00   _ecvt
0001eb74   _errno
000281e0   _exit
00027380   _fclose
00022280   _fcvt
0001f1ec   _fill_buffers
0002b094   _flag
00026f20   _fputc
00023320   _fputs
00023e40   _free
00027640   _frexp
00028a00   _fseek
0002b0a0   _i
00000204   _iData
0002b098   _indexH
0002b09c   _indexV
00026a60   _ldexp
00006204   _left
000274e0   _lseek
00027ba0   _ltoa
00029160   _main
000262a0   _malloc
0002b08c   _maxH
0002b090   _maxV
00029b20   _memccpy
00026060   _memcpy
00027f60   _memset
00029240   _modf
0002b0a8   _out
00029da0   _printf
00029ec0   _puts
000299a0   _readmsg
0002a1c0   _remove
0000e204   _right
00025bc0   _setvbuf
00023aa0   _sin
00025200   _sqrt
00029bc0   _unlink
000277a0   _write
00029a60   _writemsg
ffffffff   binit
0002a1e0   cinit
00000200   edata
0002b0c5   end
0002a1e0   etext
ffffffff   pinit


GLOBAL SYMBOLS: SORTED BY Symbol Address 

address    name
--------   ----
00000200   _TxData
00000200   ___data__
00000200   .data
00000200   edata
00000200   ___edata__
00000204   _iData
00000400   __STACK_SIZE
00000400   __SYSMEM_SIZE
00002204   _W
00006204   _left
0000e204   _right
00016204   _bottom
0001e204   __ftable
0001e434   __tmpnams
0001e574   __ft_end
0001eb08   __cleanup_ptr
0001eb0c   __dtors_ptr
0001eb74   _errno
0001ebf8   __lock
0001ebfc   __unlock
0001ec20   ___text__
0001ec20   _bitrev_index
0001ec20   .text
0001eed0   _FFT
0001ef48   _PHAT
0001f1ec   _fill_buffers
0001fc44   _McBSP1_Rx_ISR
0001fe78   _Init_McBSP
00020000   _DskAudio4_SelectInputSource
000201c8   _DskAudio4_SetAdcAnalogGain
000202a0   _DskAudio4_SetDacInputAttenuation
00020388   _DskAudio4_SetLineOutAnalogGain
00020570   _DskAudio4_ResetDaughtercardToDefaults
000205a4   _DskAudio4_GetDaughtercardInfo
000206fc   _DskAudio4_WriteCodecSetting
0002075c   _DskAudio4_SendDaughtercardCommand
00021020   _DSPF_sp_cfftr2_dit
00021500   __printfi
00021e00   _ecvt
00022280   _fcvt
00022b40   _cos
00023320   _fputs
00023aa0   _sin
00023e40   _free
00024560   __divull
000248e0   __frcdivd
00025200   _sqrt
00025480   __divd
00025700   __divul
00025960   _DSPF_sp_bitrev_cplx
00025bc0   _setvbuf
00025e20   _HOSTrename
00026060   _memcpy
000262a0   _malloc
00026a60   _ldexp
00026c20   _HOSTlseek
00026da0   __divf
00026f20   _fputc
000270a0   _DskAudio4_Init
000270c8   _DskAudio4_ResetDaughtercard
00027110   _DskAudio4_SetClock
00027170   _DskAudio4_SetData
000271d0   _DskAudio4_ReadClock
000271f4   _DskAudio4_ReadData
00027220   _HOSTopen
00027380   _fclose
000274e0   _lseek
00027640   _frexp
000277a0   _write
00027a60   _atoi
00027ba0   _ltoa
00027ce0   _close
00027e20   __auto_init
00027f60   _memset
000281e0   _exit
00028320   __divli
00028460   __divi
00028580   __wrt_ok
000286a0   _HOSTunlink
00028a00   _fseek
00028b20   _HOSTread
00028c40   _HOSTwrite
00028d60   __cleanup
00028f60   _HOSTclose
00029060   __frcdivf
00029160   _main
00029240   _modf
00029400   __round
000295c0   __doflush
000296a0   __divu
00029760   __fixfu
00029820   __fixdli
000299a0   _readmsg
00029a60   _writemsg
00029b0c   C$$IO$$
00029b20   _memccpy
00029bc0   _unlink
00029c60   __mpyll
00029d00   __remli
00029da0   _printf
00029e40   __llshl
00029ec0   _puts
00029f40   __llshru
00029fc0   _c_int00
0002a040   __subcull
0002a0a0   __trunc
0002a0e0   __args_main
0002a120   _abort
0002a120   C$$EXIT
0002a180   __nop
0002a1a0   __negll
0002a1c0   _remove
0002a1e0   etext
0002a1e0   ___etext__
0002a1e0   cinit
0002a1e0   ___cinit__
0002a620   __stack
0002aa20   __sys_memory
0002ae20   __ctypes_
0002af6c   __CIOBUF_
0002b08c   ___bss__
0002b08c   .bss
0002b08c   $bss
0002b08c   _maxH
0002b090   _maxV
0002b094   _flag
0002b098   _indexH
0002b09c   _indexV
0002b0a0   _i
0002b0a4   _buff_index
0002b0a8   _out
0002b0ac   _Mic0L_bufindex
0002b0b0   _Mic0R_bufindex
0002b0b4   _Mic1L_bufindex
0002b0b8   _Mic1R_bufindex
0002b0bc   _counter
0002b0c5   end
0002b0c5   ___end__
ffffffff   pinit
ffffffff   ___pinit__
ffffffff   ___binit__
ffffffff   ___c_args__
ffffffff   binit

[143 symbols]
