******************************************************************************
          TMS320C6x COFF Linker PC v5.1.0                      
******************************************************************************
>> Linked Fri Feb 22 19:58:06 2013

OUTPUT FILE NAME:   <./Debug/audio4.out>
ENTRY POINT SYMBOL: "_c_int00"  address: 000249a0


MEMORY CONFIGURATION

                  name            origin    length      used    attr    fill
         ----------------------  --------  ---------  --------  ----  --------
         vecs                    00000000   00000200  00000200  RWIX
         IRAM                    00000200   0003fe00  00025646  RWIX
         CE0                     80000000   01000000  00000000  RWIX


SECTION ALLOCATION MAP

 output                                  attributes/
section   page    origin      length       input sections
--------  ----  ----------  ----------   ----------------
SDRAM      0    80000000    00000000     UNINITIALIZED

vectors    0    00000000    00000200     
                  00000000    00000200     vectors1rx.obj (vectors)

.data      0    00000200    00000000     UNINITIALIZED

.switch    0    00000200    00000000     UNINITIALIZED

.tables    0    00000200    00000000     UNINITIALIZED

.far       0    00000200    0001e684     UNINITIALIZED
                  00000200    0001e004     codec.obj (.far)
                  0001e204    00000374     rts6700.lib : defs.obj (.far)
                  0001e578    0000011c                 : lowlev.obj (.far)
                  0001e694    000000d0                 : trgdrv.obj (.far)
                  0001e764    0000008c                 : exit.obj (.far)
                  0001e7f0    00000040                 : cos.obj (.far)
                  0001e830    00000040                 : sin.obj (.far)
                  0001e870    00000008                 : memory.obj (.far)
                  0001e878    00000008                 : _lock.obj (.far)
                  0001e880    00000004                 : errno.obj (.far)

.text      0    0001e8a0    00006260     
                  0001e8a0    00000f20     codec.obj (.text)
                  0001f7c0    00000a80     dsk_audio4.obj (.text)
                  00020240    000004e0     dsp67x.lib : DSPF_sp_cfftr2_dit.obj (.text)
                  00020720    00000400     rts6700.lib : cos.obj (.text:_cos)
                  00020b20    000003c0                 : fputs.obj (.text:_fputs)
                  00020ee0    000003a0                 : memory.obj (.text:_free)
                  00021280    000003a0                 : sin.obj (.text:_sin)
                  00021620    00000280                 : sqrt.obj (.text:_sqrt)
                  000218a0    00000260                 : setvbuf.obj (.text:_setvbuf)
                  00021b00    00000260     dsp67x.lib : DSPF_sp_bitrev_cplx.obj (.text)
                  00021d60    00000240     rts6700.lib : trgdrv.obj (.text:_HOSTrename)
                  00021fa0    00000240                 : memcpy62.obj (.text:_memcpy)
                  000221e0    00000220                 : memory.obj (.text:_malloc)
                  00022400    000001c0                 : lowlev.obj (.text:_getdevice)
                  000225c0    000001c0                 : ldexp.obj (.text:_ldexp)
                  00022780    00000180                 : trgdrv.obj (.text:_HOSTlseek)
                  00022900    00000180                 : divf.obj (.text:__divf)
                  00022a80    00000180     dsk_audio4_hal_dsk6713.obj (.text)
                  00022c00    00000160     rts6700.lib : fclose.obj (.text:_fclose)
                  00022d60    00000160                 : trgdrv.obj (.text:_HOSTopen)
                  00022ec0    00000160                 : lowlev.obj (.text:_write)
                  00023020    00000160                 : lowlev.obj (.text:_lseek)
                  00023180    00000160                 : frexp.obj (.text:_frexp)
                  000232e0    00000140                 : autoinit.obj (.text:__auto_init)
                  00023420    00000140                 : exit.obj (.text:_exit)
                  00023560    00000140                 : lowlev.obj (.text:_close)
                  000236a0    00000120                 : divi.obj (.text:__divi)
                  000237c0    00000120                 : trgdrv.obj (.text:_HOSTwrite)
                  000238e0    00000120                 : trgdrv.obj (.text:_HOSTread)
                  00023a00    00000120                 : fseek.obj (.text:_fseek)
                  00023b20    00000120                 : _io_perm.obj (.text:__wrt_ok)
                  00023c40    00000120                 : trgdrv.obj (.text:_HOSTunlink)
                  00023d60    00000100                 : frcdivf.obj (.text:__frcdivf)
                  00023e60    00000100                 : trgdrv.obj (.text:_HOSTclose)
                  00023f60    00000100                 : fopen.obj (.text:__cleanup)
                  00024060    000000e0                 : memory.obj (.text:_minsert)
                  00024140    000000e0                 : memory.obj (.text:_mremove)
                  00024220    000000e0                 : modf.obj (.text:_modf)
                  00024300    000000e0                 : round.obj (.text:__round)
                  000243e0    000000e0                 : fflush.obj (.text:__doflush)
                  000244c0    000000c0                 : lowlev.obj (.text:_finddevice)
                  00024580    000000c0     talkthru.obj (.text)
                  00024640    000000c0     rts6700.lib : fixfu.obj (.text:__fixfu)
                  00024700    000000c0                 : trgmsg.obj (.text:_writemsg)
                  000247c0    000000c0                 : trgmsg.obj (.text:_readmsg)
                  00024880    000000a0                 : lowlev.obj (.text:_unlink)
                  00024920    00000080                 : fputs.obj (.text:_puts)
                  000249a0    00000080                 : boot.obj (.text:_c_int00)
                  00024a20    00000040                 : trunc.obj (.text:__trunc)
                  00024a60    00000040                 : args_main.obj (.text:__args_main)
                  00024aa0    00000020                 : exit.obj (.text:_abort)
                  00024ac0    00000020                 : _lock.obj (.text:__nop)
                  00024ae0    00000020                 : remove.obj (.text:_remove)

.stack     0    00024b00    00000400     UNINITIALIZED
                  00024b00    00000008     rts6700.lib : boot.obj (.stack)

.sysmem    0    00024f00    00000400     UNINITIALIZED
                  00024f00    00000008     rts6700.lib : memory.obj (.sysmem)

.cinit     0    00025300    000003fc     
                  00025300    00000244     rts6700.lib : defs.obj (.cinit)
                  00025544    00000004     --HOLE-- [fill = 0]
                  00025548    0000005c                 : lowlev.obj (.cinit)
                  000255a4    00000004     --HOLE-- [fill = 0]
                  000255a8    00000048                 : cos.obj (.cinit)
                  000255f0    00000048                 : sin.obj (.cinit)
                  00025638    0000002c                 : exit.obj (.cinit)
                  00025664    00000004     --HOLE-- [fill = 0]
                  00025668    0000002c                 : memory.obj (.cinit)
                  00025694    00000004     --HOLE-- [fill = 0]
                  00025698    0000001c                 : _lock.obj (.cinit)
                  000256b4    00000004     --HOLE-- [fill = 0]
                  000256b8    0000001c     codec.obj (.cinit)
                  000256d4    00000004     --HOLE-- [fill = 0]
                  000256d8    0000000c     dsk_audio4_hal_dsk6713.obj (.cinit)
                  000256e4    00000004     --HOLE-- [fill = 0]
                  000256e8    0000000c     rts6700.lib : errno.obj (.cinit)
                  000256f4    00000008     --HOLE-- [fill = 0]

.cio       0    000256fc    00000120     UNINITIALIZED
                  000256fc    00000120     rts6700.lib : trgmsg.obj (.cio)

.const     0    0002581c    00000025     
                  0002581c    00000023     codec.obj (.const)
                  0002583f    00000002     rts6700.lib : fputs.obj (.const)

.bss       0    00025844    00000021     UNINITIALIZED
                  00025844    0000001c     codec.obj (.bss)
                  00025860    00000005     dsk_audio4_hal_dsk6713.obj (.bss)


GLOBAL SYMBOLS: SORTED ALPHABETICALLY BY Name 

address    name
--------   ----
00025844   $bss
00025844   .bss
00000200   .data
0001e8a0   .text
00024aa0   C$$EXIT
000247ac   C$$IO$$
00021b00   _DSPF_sp_bitrev_cplx
00020240   _DSPF_sp_cfftr2_dit
0001fd64   _DskAudio4_GetDaughtercardInfo
00022a80   _DskAudio4_Init
00022bb0   _DskAudio4_ReadClock
00022bd4   _DskAudio4_ReadData
00022aa8   _DskAudio4_ResetDaughtercard
0001fd30   _DskAudio4_ResetDaughtercardToDefaults
0001f7c0   _DskAudio4_SelectInputSource
0001ff1c   _DskAudio4_SendDaughtercardCommand
0001f988   _DskAudio4_SetAdcAnalogGain
00022af0   _DskAudio4_SetClock
0001fa60   _DskAudio4_SetDacInputAttenuation
00022b50   _DskAudio4_SetData
0001fb48   _DskAudio4_SetLineOutAnalogGain
0001febc   _DskAudio4_WriteCodecSetting
0001eb50   _FFT
00023e60   _HOSTclose
00022780   _HOSTlseek
00022d60   _HOSTopen
000238e0   _HOSTread
00021d60   _HOSTrename
00023c40   _HOSTunlink
000237c0   _HOSTwrite
0001f638   _Init_McBSP
0001f204   _McBSP1_Rx_ISR
0001ebc8   _PHAT
0001e200   _TxData
00002200   _W
000256fc   __CIOBUF_
00000400   __STACK_SIZE
00000400   __SYSMEM_SIZE
ffffffff   ___binit__
00025844   ___bss__
ffffffff   ___c_args__
00025300   ___cinit__
00000200   ___data__
00000200   ___edata__
00025865   ___end__
00024b00   ___etext__
ffffffff   ___pinit__
0001e8a0   ___text__
00024a60   __args_main
000232e0   __auto_init
00023f60   __cleanup
0001e7e8   __cleanup_ptr
00022900   __divf
000236a0   __divi
000243e0   __doflush
0001e7ec   __dtors_ptr
00024640   __fixfu
00023d60   __frcdivf
0001e574   __ft_end
0001e204   __ftable
0001e878   __lock
00024ac0   __nop
00024300   __round
00024b00   __stack
00024f00   __sys_memory
0001e434   __tmpnams
00024a20   __trunc
0001e87c   __unlock
00023b20   __wrt_ok
00024aa0   _abort
0001e8a0   _bitrev_index
00016200   _bottom
0002585c   _buff_index
000249a0   _c_int00
00023560   _close
00020720   _cos
0001e880   _errno
00023420   _exit
00022c00   _fclose
0001ee6c   _fill_buffers
00025858   _flag
00020b20   _fputs
00020ee0   _free
00023180   _frexp
00023a00   _fseek
00025854   _i
00000200   _iData
0002584c   _indexH
00025850   _indexV
000225c0   _ldexp
00006200   _left
00023020   _lseek
00024580   _main
000221e0   _malloc
00025844   _maxH
00025848   _maxV
00021fa0   _memcpy
00024220   _modf
00024920   _puts
000247c0   _readmsg
00024ae0   _remove
0000e200   _right
000218a0   _setvbuf
00021280   _sin
00021620   _sqrt
00024880   _unlink
00022ec0   _write
00024700   _writemsg
ffffffff   binit
00025300   cinit
00000200   edata
00025865   end
00024b00   etext
ffffffff   pinit


GLOBAL SYMBOLS: SORTED BY Symbol Address 

address    name
--------   ----
00000200   ___edata__
00000200   ___data__
00000200   .data
00000200   edata
00000200   _iData
00000400   __SYSMEM_SIZE
00000400   __STACK_SIZE
00002200   _W
00006200   _left
0000e200   _right
00016200   _bottom
0001e200   _TxData
0001e204   __ftable
0001e434   __tmpnams
0001e574   __ft_end
0001e7e8   __cleanup_ptr
0001e7ec   __dtors_ptr
0001e878   __lock
0001e87c   __unlock
0001e880   _errno
0001e8a0   .text
0001e8a0   _bitrev_index
0001e8a0   ___text__
0001eb50   _FFT
0001ebc8   _PHAT
0001ee6c   _fill_buffers
0001f204   _McBSP1_Rx_ISR
0001f638   _Init_McBSP
0001f7c0   _DskAudio4_SelectInputSource
0001f988   _DskAudio4_SetAdcAnalogGain
0001fa60   _DskAudio4_SetDacInputAttenuation
0001fb48   _DskAudio4_SetLineOutAnalogGain
0001fd30   _DskAudio4_ResetDaughtercardToDefaults
0001fd64   _DskAudio4_GetDaughtercardInfo
0001febc   _DskAudio4_WriteCodecSetting
0001ff1c   _DskAudio4_SendDaughtercardCommand
00020240   _DSPF_sp_cfftr2_dit
00020720   _cos
00020b20   _fputs
00020ee0   _free
00021280   _sin
00021620   _sqrt
000218a0   _setvbuf
00021b00   _DSPF_sp_bitrev_cplx
00021d60   _HOSTrename
00021fa0   _memcpy
000221e0   _malloc
000225c0   _ldexp
00022780   _HOSTlseek
00022900   __divf
00022a80   _DskAudio4_Init
00022aa8   _DskAudio4_ResetDaughtercard
00022af0   _DskAudio4_SetClock
00022b50   _DskAudio4_SetData
00022bb0   _DskAudio4_ReadClock
00022bd4   _DskAudio4_ReadData
00022c00   _fclose
00022d60   _HOSTopen
00022ec0   _write
00023020   _lseek
00023180   _frexp
000232e0   __auto_init
00023420   _exit
00023560   _close
000236a0   __divi
000237c0   _HOSTwrite
000238e0   _HOSTread
00023a00   _fseek
00023b20   __wrt_ok
00023c40   _HOSTunlink
00023d60   __frcdivf
00023e60   _HOSTclose
00023f60   __cleanup
00024220   _modf
00024300   __round
000243e0   __doflush
00024580   _main
00024640   __fixfu
00024700   _writemsg
000247ac   C$$IO$$
000247c0   _readmsg
00024880   _unlink
00024920   _puts
000249a0   _c_int00
00024a20   __trunc
00024a60   __args_main
00024aa0   _abort
00024aa0   C$$EXIT
00024ac0   __nop
00024ae0   _remove
00024b00   ___etext__
00024b00   __stack
00024b00   etext
00024f00   __sys_memory
00025300   cinit
00025300   ___cinit__
000256fc   __CIOBUF_
00025844   ___bss__
00025844   $bss
00025844   .bss
00025844   _maxH
00025848   _maxV
0002584c   _indexH
00025850   _indexV
00025854   _i
00025858   _flag
0002585c   _buff_index
00025865   end
00025865   ___end__
ffffffff   pinit
ffffffff   ___pinit__
ffffffff   ___c_args__
ffffffff   binit
ffffffff   ___binit__

[114 symbols]
